[Diag2] Loading model + city...

[Base Training] Loading spatial dataset and engineering features...
Starting base GNN training with Early Stopping...
  Epoch 020 | Loss: 0.6685
  Epoch 040 | Loss: 0.6037
  Epoch 060 | Loss: 0.5848
  Epoch 080 | Loss: 0.5794
  Epoch 100 | Loss: 0.5770
  Epoch 120 | Loss: 0.5761
  Epoch 140 | Loss: 0.5741
  Epoch 160 | Loss: 0.5730
  Epoch 180 | Loss: 0.5721
  Epoch 200 | Loss: 0.5712
  Epoch 220 | Loss: 0.5708
  Epoch 240 | Loss: 0.5691
  Epoch 260 | Loss: 0.5685
  Epoch 280 | Loss: 0.5678
  Epoch 300 | Loss: 0.5671
Base training complete. Weights saved → best_base_model.pt


[Eindhoven] Starting Directed Processing (PID=982)...
[Eindhoven] SCC Extraction: 7957 -> 7890 nodes.
[Eindhoven] Computing edge betweenness centrality (k=80 samples)...
[Eindhoven] Running Directed GLV-Repair (1162 candidates)...
[Diag2] Graph type of G: MultiDiGraph, is_multigraph=True
[Diag2] edge_list length: 19082, G.number_of_edges(): 19082
[Diag2] Number of (u,v) overwrites in G_opt from parallel kept edges: 180
[Diag2] G_final: 7890 nodes, 18103 edges
[Diag2] Edges in G_final with NO corresponding edge in G at all: 0
[Diag2] Edges in G_final SHORTER than true min parallel edge in G: 0
\n[Diag2] No stretch<0.995 sample found among these 1000 sources.
